blind_sample seed=20260918 events=40 nulls=40 years=[2018, 2019, 2020, 2021, 2022, 2023]
  tiles open: ['00N_060W', '00N_020E', '00N_110E', '20N_100W', '50N_010E', '50N_130W', '60N_100E', '30S_060W', '30S_150E']
  event 1/40: 60N_100E 2020 box 43.65 ha frac 0.6844 (attempt 24, 44 reads)
  event 2/40: 60N_100E 2019 box 34.04 ha frac 0.7719 (attempt 28, 51 reads)
  event 3/40: 60N_100E 2019 box 49.28 ha frac 0.8387 (attempt 29, 53 reads)
  event 4/40: 60N_100E 2022 box 26.52 ha frac 0.7453 (attempt 43, 78 reads)
  event 5/40: 00N_060W 2023 box 283.44 ha frac 0.6256 (attempt 51, 93 reads)
  event 6/40: 00N_060W 2022 box 38.85 ha frac 0.6369 (attempt 79, 142 reads)
  event 7/40: 00N_060W 2021 box 77.52 ha frac 0.6438 (attempt 93, 168 reads)
  event 8/40: 60N_100E 2021 box 21.9 ha frac 0.9079 (attempt 110, 202 reads)
  event 9/40: 50N_130W 2022 box 34.54 ha frac 0.6055 (attempt 133, 242 reads)
  event 10/40: 00N_060W 2019 box 45.5 ha frac 0.601 (attempt 166, 305 reads)
  event 11/40: 30S_060W 2019 box 59.81 ha frac 0.6492 (attempt 177, 326 reads)
  event 12/40: 50N_130W 2020 box 30.24 ha frac 0.7841 (attempt 197, 365 reads)
  event 13/40: 60N_100E 2022 box 44.0 ha frac 0.7125 (attempt 231, 427 reads)
  event 14/40: 50N_130W 2019 box 47.96 ha frac 0.6622 (attempt 288, 527 reads)
  event 15/40: 50N_010E 2022 box 24.6 ha frac 0.8947 (attempt 292, 535 reads)
  event 16/40: 50N_130W 2022 box 75.23 ha frac 0.6566 (attempt 321, 585 reads)
  event 17/40: 50N_130W 2018 box 36.3 ha frac 0.6757 (attempt 334, 609 reads)
  event 18/40: 60N_100E 2020 box 32.67 ha frac 0.7392 (attempt 378, 689 reads)
  event 19/40: 50N_130W 2022 box 31.38 ha frac 0.8662 (attempt 383, 698 reads)
  event 20/40: 60N_100E 2019 box 31.49 ha frac 0.7727 (attempt 387, 706 reads)
  event 21/40: 60N_100E 2020 box 36.02 ha frac 0.6484 (attempt 395, 720 reads)
  event 22/40: 50N_130W 2020 box 29.7 ha frac 0.6759 (attempt 426, 778 reads)
  event 23/40: 00N_060W 2021 box 42.2 ha frac 0.6886 (attempt 469, 854 reads)
  event 24/40: 60N_100E 2023 box 50.37 ha frac 0.9328 (attempt 524, 952 reads)
  event 25/40: 00N_060W 2020 box 84.1 ha frac 0.6094 (attempt 534, 972 reads)
  event 26/40: 50N_010E 2019 box 33.81 ha frac 0.6184 (attempt 583, 1060 reads)
  event 27/40: 60N_100E 2022 box 44.86 ha frac 0.9231 (attempt 641, 1162 reads)
  event 28/40: 50N_010E 2021 box 44.22 ha frac 0.6921 (attempt 660, 1198 reads)
  event 29/40: 00N_060W 2021 box 112.85 ha frac 0.6741 (attempt 677, 1231 reads)
  event 30/40: 60N_100E 2020 box 42.68 ha frac 0.9626 (attempt 693, 1259 reads)
  event 31/40: 60N_100E 2023 box 22.66 ha frac 0.9492 (attempt 712, 1293 reads)
  event 32/40: 50N_130W 2020 box 63.33 ha frac 0.7068 (attempt 749, 1362 reads)
  event 33/40: 60N_100E 2023 box 27.77 ha frac 0.8482 (attempt 752, 1368 reads)
  event 34/40: 50N_130W 2020 box 39.74 ha frac 0.6293 (attempt 753, 1370 reads)
  event 35/40: 60N_100E 2021 box 73.84 ha frac 0.7005 (attempt 761, 1385 reads)
  event 36/40: 60N_100E 2021 box 34.95 ha frac 0.6296 (attempt 765, 1392 reads)
  event 37/40: 30S_060W 2019 box 45.1 ha frac 0.6667 (attempt 790, 1436 reads)
  event 38/40: 60N_100E 2022 box 35.56 ha frac 0.817 (attempt 802, 1457 reads)
  event 39/40: 50N_130W 2023 box 42.67 ha frac 0.6671 (attempt 834, 1514 reads)
  event 40/40: 50N_130W 2022 box 56.85 ha frac 0.7841 (attempt 863, 1563 reads)
  null 1/40: 20N_100W 2023 box 39.19 ha (attempt 3, 1569 reads)
  null 2/40: 60N_100E 2021 box 48.55 ha (attempt 5, 1573 reads)
  null 3/40: 60N_100E 2019 box 42.19 ha (attempt 10, 1582 reads)
  null 4/40: 00N_110E 2019 box 44.86 ha (attempt 11, 1584 reads)
  null 5/40: 00N_020E 2023 box 41.58 ha (attempt 12, 1586 reads)
  null 6/40: 00N_020E 2019 box 283.2 ha (attempt 18, 1597 reads)
  null 7/40: 00N_060W 2023 box 26.69 ha (attempt 19, 1599 reads)
  null 8/40: 00N_020E 2019 box 36.1 ha (attempt 23, 1605 reads)
  null 9/40: 00N_060W 2020 box 114.12 ha (attempt 26, 1611 reads)
  null 10/40: 00N_110E 2019 box 26.69 ha (attempt 27, 1613 reads)
  null 11/40: 00N_020E 2022 box 44.59 ha (attempt 28, 1615 reads)
  null 12/40: 00N_110E 2019 box 40.21 ha (attempt 29, 1617 reads)
  null 13/40: 00N_020E 2020 box 44.92 ha (attempt 31, 1621 reads)
  null 14/40: 00N_060W 2020 box 84.07 ha (attempt 32, 1623 reads)
  null 15/40: 50N_130W 2022 box 25.0 ha (attempt 33, 1625 reads)
  null 16/40: 00N_110E 2022 box 32.21 ha (attempt 34, 1627 reads)
  null 17/40: 00N_020E 2020 box 36.09 ha (attempt 37, 1632 reads)
  null 18/40: 50N_130W 2021 box 32.81 ha (attempt 38, 1634 reads)
  null 19/40: 00N_020E 2022 box 83.96 ha (attempt 40, 1638 reads)
  null 20/40: 00N_110E 2020 box 83.43 ha (attempt 41, 1640 reads)
  null 21/40: 60N_100E 2023 box 56.29 ha (attempt 42, 1642 reads)
  null 22/40: 60N_100E 2019 box 36.15 ha (attempt 44, 1646 reads)
  null 23/40: 00N_020E 2022 box 36.23 ha (attempt 46, 1649 reads)
  null 24/40: 50N_130W 2020 box 24.69 ha (attempt 47, 1651 reads)
  null 25/40: 60N_100E 2018 box 34.75 ha (attempt 49, 1655 reads)
  null 26/40: 00N_110E 2020 box 74.48 ha (attempt 52, 1661 reads)
  null 27/40: 00N_020E 2019 box 44.0 ha (attempt 53, 1663 reads)
  null 28/40: 60N_100E 2020 box 30.14 ha (attempt 54, 1665 reads)
  null 29/40: 60N_100E 2020 box 22.22 ha (attempt 55, 1667 reads)
  null 30/40: 00N_020E 2019 box 50.15 ha (attempt 57, 1671 reads)
  null 31/40: 00N_060W 2022 box 76.96 ha (attempt 58, 1673 reads)
  null 32/40: 00N_020E 2023 box 44.85 ha (attempt 59, 1675 reads)
  null 33/40: 30S_150E 2022 box 35.27 ha (attempt 60, 1677 reads)
  null 34/40: 00N_110E 2019 box 78.07 ha (attempt 62, 1681 reads)
  null 35/40: 60N_100E 2023 box 45.68 ha (attempt 63, 1683 reads)
  null 36/40: 00N_060W 2022 box 43.98 ha (attempt 67, 1690 reads)
  null 37/40: 00N_110E 2022 box 84.23 ha (attempt 69, 1694 reads)
  null 38/40: 00N_060W 2021 box 45.5 ha (attempt 70, 1696 reads)
  null 39/40: 30S_150E 2020 box 21.88 ha (attempt 72, 1699 reads)
  null 40/40: 00N_020E 2020 box 27.25 ha (attempt 73, 1701 reads)
wrote showcase/blind/sample.json: 40 events, 40 nulls, 0 MTBS events, 0 MTBS nulls in 496s (1701 window reads)
